node.exe : (node:13000) Warning: 
`--localstorage-file` was provided 
without a valid path
Au caractère Ligne:1 : 1
+ & "C:\Program 
Files\nodejs/node.exe" "C:\Program 
Files\nodejs/node_mo ...
+ ~~~~~~~~~~~~~~~~~~~~~~~~~~~~~~~~~~
~~~~~~~~~~~~~~~~~~~~~~~~~~~~~~~~~~~
    + CategoryInfo          : NotSp 
   ecified: ((node:13000) Wa...ut   
  a valid path:String) [], Remote   
 Exception
    + FullyQualifiedErrorId : Nativ 
   eCommandError
 
(Use `node --trace-warnings ...` to 
show where the warning was created)
PASS src/auth/guards/jwt-auth.guard.
spec.ts
[31m[Nest] 17136  - 
[39m22/03/2026 15:11:20 [31m  
ERROR[39m [38;5;3m[AuthService] 
[39m[31m[refreshTokens] Echec: 
[39m
(node:17136) Warning: 
`--localstorage-file` was provided 
without a valid path
(Use `node --trace-warnings ...` to 
show where the warning was created)
PASS src/auth/auth.service.spec.ts
(node:17132) Warning: 
`--localstorage-file` was provided 
without a valid path
(Use `node --trace-warnings ...` to 
show where the warning was created)
PASS 
src/auth/auth.controller.spec.ts

Test Suites: 3 passed, 3 total
Tests:       22 passed, 22 total
Snapshots:   0 total
Time:        2.893 s
Ran all test suites matching 
src/auth/.
